<T> <k> . </k> <lenv> .Map </lenv> <genv> ( Foo . result ) |-> 20 </genv> <mod> Foo </mod> <sym> .Map </sym> </T>
