<T> <k> . </k> <env> ( Foo . result ) |-> 15 </env> <mod> Foo </mod> </T>
