<T> <k> . </k> <env> ( Foo . r2 ) |-> 5 </env> <mod> Foo </mod> </T>
