<T> <k> . </k> <env> ( Foo . result ) |-> ( con Bool . True .ValList ) </env> <mod> Foo </mod> </T>
