<T> <k> . </k> <env> ( Foo . b1 ) |-> #23456 ( Foo . b2 ) |-> #ABC1 </env> <mod> Foo </mod> </T>
