<T> <k> .DefList </k> <env> six |-> 6 four |-> 4 </env> </T>
