<T> <k> . </k> <env> ( Foo . b1 ) |-> #ABCDEF ( Foo . b2 ) |-> #ABBB ( Foo . b3 ) |-> #123456 </env> <mod> Foo </mod> </T>
