<T> <k> . </k> <env> result |-> 11 </env> <subst> .Map </subst> </T>
