<T> <k> . </k> <env> result |-> 21 </env> <subst> .Map </subst> </T>
