<T> <k> . </k> <env> ( Foo . result ) |-> 16 ( Foo . four ) |-> 4 </env> <mod> Foo </mod> </T>
