<T> <k> . </k> <env> b3 |-> #456 b1 |-> #23456 b2 |-> #3456 </env> </T>
