<T> <k> . </k> <env> ( Foo . r4 ) |-> ( con Nat . False .ValList ) ( Foo . r5 ) |-> ( con Nat . True .ValList ) ( Foo . r2 ) |-> ( con Nat . False .ValList ) ( Foo . r3 ) |-> ( con Nat . True .ValList ) ( Foo . r1 ) |-> ( con Nat . True .ValList ) ( Foo . r6 ) |-> ( con Nat . False .ValList ) </env> <mod> Foo </mod> </T>
