<T> <k> . </k> <env> result |-> ( failure ) </env> </T>
