<T> <k> .DefList </k> <env> result |-> 4e+00 </env> </T>
