<T> <k> . </k> <lenv> .Map </lenv> <genv> ( Foo . result ) |-> 1.1e+02 </genv> <mod> Foo </mod> </T>
