<T> <k> . </k> <env> f3 |-> 6.666666666666667e+00 f4 |-> 1.6666666666666668e+01 f1 |-> 6e+00 f2 |-> 3e+00 </env> </T>
