<T> <k> . </k> <env> ( Foo . result ) |-> 2e+00 </env> <mod> Foo </mod> </T>
