<T> <k> .DefList </k> <env> result |-> 4 </env> </T>
