<T> <k> . </k> <env> i1 |-> 10 i2 |-> 3 i3 |-> 11 i4 |-> 3 </env> </T>
