<T> <k> . </k> <env> result |-> ( con Nat . True .ValList ) </env> </T>
