<T> <k> . </k> <env> ( Foo . result ) |-> ( lam x x ) </env> <mod> Foo </mod> </T>
