<T> <k> . </k> <lenv> .Map </lenv> <genv> ( Foo . result ) |-> ( con Nat . Pair 2  ( 3e+00  .ValList ) ) </genv> <mod> Foo </mod> <sym> .Map </sym> </T>
