<T> <k> . </k> <env> result |-> ( con Nat . Z .ValList ) </env> </T>
