<T> <k> . </k> <env> ( Foo . r4 ) |-> 35 ( Foo . r2 ) |-> 13 ( Foo . r3 ) |-> 30 ( Foo . r1 ) |-> 2 </env> <mod> Foo </mod> </T>
