<T> <k> .DefList </k> <env> result |-> 0 </env> </T>
