<T> <k> . </k> <env> result |-> ( success ( lam x x ) ) </env> </T>
