<T> <k> . </k> <env> b3 |-> #123 b1 |-> #1 b2 |-> #12 </env> </T>
